------------------------------------------------------------
Timing Analyzer Summary
------------------------------------------------------------

Type  : Slow 1100mV 85C Model Setup 'Address_Generator:i_ag|PCF[4]'
Slack : -11.739
TNS   : -108.990

Type  : Slow 1100mV 85C Model Setup 'Address_Generator:i_ag|PCF[2]'
Slack : -11.443
TNS   : -98.096

Type  : Slow 1100mV 85C Model Setup 'clk'
Slack : -11.006
TNS   : -59128.869

Type  : Slow 1100mV 85C Model Hold 'clk'
Slack : -1.388
TNS   : -4.061

Type  : Slow 1100mV 85C Model Hold 'Address_Generator:i_ag|PCF[4]'
Slack : 1.033
TNS   : 0.000

Type  : Slow 1100mV 85C Model Hold 'Address_Generator:i_ag|PCF[2]'
Slack : 1.082
TNS   : 0.000

Type  : Slow 1100mV 85C Model Minimum Pulse Width 'Address_Generator:i_ag|PCF[4]'
Slack : -0.820
TNS   : -33.863

Type  : Slow 1100mV 85C Model Minimum Pulse Width 'Address_Generator:i_ag|PCF[2]'
Slack : -0.596
TNS   : -19.475

Type  : Slow 1100mV 85C Model Minimum Pulse Width 'clk'
Slack : -0.538
TNS   : -6907.663

Type  : Slow 1100mV 0C Model Setup 'Address_Generator:i_ag|PCF[4]'
Slack : -11.611
TNS   : -108.977

Type  : Slow 1100mV 0C Model Setup 'Address_Generator:i_ag|PCF[2]'
Slack : -11.361
TNS   : -98.473

Type  : Slow 1100mV 0C Model Setup 'clk'
Slack : -11.269
TNS   : -57408.541

Type  : Slow 1100mV 0C Model Hold 'clk'
Slack : -1.623
TNS   : -5.997

Type  : Slow 1100mV 0C Model Hold 'Address_Generator:i_ag|PCF[2]'
Slack : 0.640
TNS   : 0.000

Type  : Slow 1100mV 0C Model Hold 'Address_Generator:i_ag|PCF[4]'
Slack : 0.949
TNS   : 0.000

Type  : Slow 1100mV 0C Model Minimum Pulse Width 'Address_Generator:i_ag|PCF[4]'
Slack : -0.865
TNS   : -39.697

Type  : Slow 1100mV 0C Model Minimum Pulse Width 'Address_Generator:i_ag|PCF[2]'
Slack : -0.685
TNS   : -23.957

Type  : Slow 1100mV 0C Model Minimum Pulse Width 'clk'
Slack : -0.538
TNS   : -7141.369

Type  : Fast 1100mV 85C Model Setup 'Address_Generator:i_ag|PCF[4]'
Slack : -6.266
TNS   : -53.034

Type  : Fast 1100mV 85C Model Setup 'Address_Generator:i_ag|PCF[2]'
Slack : -6.155
TNS   : -48.572

Type  : Fast 1100mV 85C Model Setup 'clk'
Slack : -4.804
TNS   : -27241.292

Type  : Fast 1100mV 85C Model Hold 'clk'
Slack : -0.581
TNS   : -0.790

Type  : Fast 1100mV 85C Model Hold 'Address_Generator:i_ag|PCF[4]'
Slack : 0.656
TNS   : 0.000

Type  : Fast 1100mV 85C Model Hold 'Address_Generator:i_ag|PCF[2]'
Slack : 0.678
TNS   : 0.000

Type  : Fast 1100mV 85C Model Minimum Pulse Width 'Address_Generator:i_ag|PCF[4]'
Slack : -0.093
TNS   : -0.740

Type  : Fast 1100mV 85C Model Minimum Pulse Width 'clk'
Slack : -0.078
TNS   : -618.502

Type  : Fast 1100mV 85C Model Minimum Pulse Width 'Address_Generator:i_ag|PCF[2]'
Slack : 0.048
TNS   : 0.000

Type  : Fast 1100mV 0C Model Setup 'Address_Generator:i_ag|PCF[4]'
Slack : -5.658
TNS   : -48.673

Type  : Fast 1100mV 0C Model Setup 'Address_Generator:i_ag|PCF[2]'
Slack : -5.559
TNS   : -44.589

Type  : Fast 1100mV 0C Model Setup 'clk'
Slack : -4.339
TNS   : -23342.008

Type  : Fast 1100mV 0C Model Hold 'clk'
Slack : -0.702
TNS   : -1.756

Type  : Fast 1100mV 0C Model Hold 'Address_Generator:i_ag|PCF[2]'
Slack : 0.566
TNS   : 0.000

Type  : Fast 1100mV 0C Model Hold 'Address_Generator:i_ag|PCF[4]'
Slack : 0.583
TNS   : 0.000

Type  : Fast 1100mV 0C Model Minimum Pulse Width 'clk'
Slack : -0.080
TNS   : -635.612

Type  : Fast 1100mV 0C Model Minimum Pulse Width 'Address_Generator:i_ag|PCF[4]'
Slack : -0.049
TNS   : -0.167

Type  : Fast 1100mV 0C Model Minimum Pulse Width 'Address_Generator:i_ag|PCF[2]'
Slack : 0.068
TNS   : 0.000

------------------------------------------------------------
